// Jest Snapshot v1, https://goo.gl/fbAQLP

exports[`Pruebas en <GifItem /> Debe de hacer match con el snapshot 1`] = `
<div>
  <div
    class="rounded-md w-auto h-auto overflow-hidden bg-white text-black flex flex-col items-center flex-wrap shadow-md shadow-black"
  >
    <img
      alt="Onil"
      class="w-full h-auto"
      src="https://prueba/onil/search.jpg"
    />
    <h3
      class=" text-lg text-center font-bold uppercase mx-4"
    >
      Onil
    </h3>
  </div>
</div>
`;
